app/quarter-car/page.tsx(532,11): error TS2322: Type 'unknown' is not assignable to type 'ReactNode'.
